2026-08-20 17:55:09.530: [INFO] CurrentProfilePath: C:\Daniel\Workspace\Github\IFPB_2026_2_POO\.metadata\.plugins\org.eclipse.swt\EBWebView\Default
2026-08-20 17:55:09.530: [INFO] Profiles total count: 1
2026-08-20 17:55:09.531: [INFO] Profile: name=Perfil 1 path=C:\Daniel\Workspace\Github\IFPB_2026_2_POO\.metadata\.plugins\org.eclipse.swt\EBWebView\Default lastActive=null
2026-08-20 17:55:09.531: [INFO] LastUsedProfileDir: C:\Daniel\Workspace\Github\IFPB_2026_2_POO\.metadata\.plugins\org.eclipse.swt\EBWebView\Default
2026-08-20 17:55:09.531: [INFO] OnDoneLoading sync enabled: 0
2026-08-20 17:55:09.531: [INFO] BookmarkModelLoaded, ids_reassigned: 0
2026-08-20 17:55:09.531: [INFO] BookmarksLoadDropped droppedNodes=0
2026-08-20 17:55:09.531: [INFO] BookmarksSnapshot Startup total=0 bar=0 other=0 mobile=0 showBar=0 showBarNTP=1
2026-08-20 17:55:25.129: [INFO] BookmarksSnapshot Shutdown total=0 bar=0 other=0 mobile=0 showBar=0 showBarNTP=1
2026-08-21 16:32:51.039: [INFO] CurrentProfilePath: C:\Daniel\Workspace\Github\IFPB_2026_2_POO\.metadata\.plugins\org.eclipse.swt\EBWebView\Default
2026-08-21 16:32:51.039: [INFO] Profiles total count: 1
2026-08-21 16:32:51.040: [INFO] Profile: name=Perfil 1 path=C:\Daniel\Workspace\Github\IFPB_2026_2_POO\.metadata\.plugins\org.eclipse.swt\EBWebView\Default lastActive=2026-08-21T16:32:44.150Z
2026-08-21 16:32:51.040: [INFO] LastUsedProfileDir: C:\Daniel\Workspace\Github\IFPB_2026_2_POO\.metadata\.plugins\org.eclipse.swt\EBWebView\Default
2026-08-21 16:32:51.040: [INFO] MostRecentlyActiveProfile: name=Perfil 1 path=C:\Daniel\Workspace\Github\IFPB_2026_2_POO\.metadata\.plugins\org.eclipse.swt\EBWebView\Default lastActive=2026-08-21T16:32:44.150Z
2026-08-21 16:32:51.040: [INFO] OnDoneLoading sync enabled: 0
2026-08-21 16:32:51.040: [INFO] BookmarkModelLoaded, ids_reassigned: 0
2026-08-21 16:32:51.040: [INFO] BookmarksLoadDropped droppedNodes=0
2026-08-21 16:32:51.040: [INFO] BookmarksSnapshot Startup total=0 bar=0 other=0 mobile=0 showBar=0 showBarNTP=1
2026-08-21 16:33:17.924: [INFO] BookmarksSnapshot Shutdown total=0 bar=0 other=0 mobile=0 showBar=0 showBarNTP=1
2026-08-21 16:52:33.699: [INFO] CurrentProfilePath: C:\Daniel\Workspace\Github\IFPB_2026_2_POO\.metadata\.plugins\org.eclipse.swt\EBWebView\Default
2026-08-21 16:52:33.699: [INFO] Profiles total count: 1
2026-08-21 16:52:33.699: [INFO] Profile: name=Perfil 1 path=C:\Daniel\Workspace\Github\IFPB_2026_2_POO\.metadata\.plugins\org.eclipse.swt\EBWebView\Default lastActive=2026-08-21T16:32:44.150Z
2026-08-21 16:52:33.699: [INFO] LastUsedProfileDir: C:\Daniel\Workspace\Github\IFPB_2026_2_POO\.metadata\.plugins\org.eclipse.swt\EBWebView\Default
2026-08-21 16:52:33.699: [INFO] MostRecentlyActiveProfile: name=Perfil 1 path=C:\Daniel\Workspace\Github\IFPB_2026_2_POO\.metadata\.plugins\org.eclipse.swt\EBWebView\Default lastActive=2026-08-21T16:32:44.150Z
2026-08-21 16:52:33.699: [INFO] OnDoneLoading sync enabled: 0
2026-08-21 16:52:33.699: [INFO] BookmarkModelLoaded, ids_reassigned: 0
2026-08-21 16:52:33.699: [INFO] BookmarksLoadDropped droppedNodes=0
2026-08-21 16:52:33.699: [INFO] BookmarksSnapshot Startup total=0 bar=0 other=0 mobile=0 showBar=0 showBarNTP=1
2026-08-21 17:01:09.976: [INFO] BookmarksSnapshot Shutdown total=0 bar=0 other=0 mobile=0 showBar=0 showBarNTP=1
2026-08-21 17:08:37.793: [INFO] CurrentProfilePath: C:\Daniel\Workspace\Github\IFPB_2026_2_POO\.metadata\.plugins\org.eclipse.swt\EBWebView\Default
2026-08-21 17:08:37.793: [INFO] Profiles total count: 1
2026-08-21 17:08:37.794: [INFO] Profile: name=Perfil 1 path=C:\Daniel\Workspace\Github\IFPB_2026_2_POO\.metadata\.plugins\org.eclipse.swt\EBWebView\Default lastActive=2026-08-21T16:32:44.150Z
2026-08-21 17:08:37.794: [INFO] LastUsedProfileDir: C:\Daniel\Workspace\Github\IFPB_2026_2_POO\.metadata\.plugins\org.eclipse.swt\EBWebView\Default
2026-08-21 17:08:37.794: [INFO] MostRecentlyActiveProfile: name=Perfil 1 path=C:\Daniel\Workspace\Github\IFPB_2026_2_POO\.metadata\.plugins\org.eclipse.swt\EBWebView\Default lastActive=2026-08-21T16:32:44.150Z
2026-08-21 17:08:37.794: [INFO] OnDoneLoading sync enabled: 0
2026-08-21 17:08:37.794: [INFO] BookmarkModelLoaded, ids_reassigned: 0
2026-08-21 17:08:37.794: [INFO] BookmarksLoadDropped droppedNodes=0
2026-08-21 17:08:37.794: [INFO] BookmarksSnapshot Startup total=0 bar=0 other=0 mobile=0 showBar=0 showBarNTP=1
2026-08-21 17:40:41.340: [INFO] BookmarksSnapshot Shutdown total=0 bar=0 other=0 mobile=0 showBar=0 showBarNTP=1
2026-08-27 17:24:31.423: [INFO] CurrentProfilePath: C:\Daniel\Workspace\Github\IFPB_2026_2_POO\.metadata\.plugins\org.eclipse.swt\EBWebView\Default
2026-08-27 17:24:31.423: [INFO] Profiles total count: 1
2026-08-27 17:24:31.423: [INFO] Profile: name=Perfil 1 path=C:\Daniel\Workspace\Github\IFPB_2026_2_POO\.metadata\.plugins\org.eclipse.swt\EBWebView\Default lastActive=2026-08-21T16:32:44.150Z
2026-08-27 17:24:31.423: [INFO] LastUsedProfileDir: C:\Daniel\Workspace\Github\IFPB_2026_2_POO\.metadata\.plugins\org.eclipse.swt\EBWebView\Default
2026-08-27 17:24:31.424: [INFO] MostRecentlyActiveProfile: name=Perfil 1 path=C:\Daniel\Workspace\Github\IFPB_2026_2_POO\.metadata\.plugins\org.eclipse.swt\EBWebView\Default lastActive=2026-08-21T16:32:44.150Z
2026-08-27 17:24:31.424: [INFO] OnDoneLoading sync enabled: 0
2026-08-27 17:24:31.424: [INFO] BookmarkModelLoaded, ids_reassigned: 0
2026-08-27 17:24:31.424: [INFO] BookmarksLoadDropped droppedNodes=0
2026-08-27 17:24:31.424: [INFO] BookmarksSnapshot Startup total=0 bar=0 other=0 mobile=0 showBar=0 showBarNTP=1
2026-08-27 17:51:18.081: [INFO] BookmarksSnapshot Shutdown total=0 bar=0 other=0 mobile=0 showBar=0 showBarNTP=1
2026-08-28 17:02:46.921: [INFO] CurrentProfilePath: C:\Daniel\Workspace\Github\IFPB_2026_2_POO\.metadata\.plugins\org.eclipse.swt\EBWebView\Default
2026-08-28 17:02:46.921: [INFO] Profiles total count: 1
2026-08-28 17:02:46.934: [INFO] Profile: name=Perfil 1 path=C:\Daniel\Workspace\Github\IFPB_2026_2_POO\.metadata\.plugins\org.eclipse.swt\EBWebView\Default lastActive=2026-08-21T16:32:44.150Z
2026-08-28 17:02:46.934: [INFO] LastUsedProfileDir: C:\Daniel\Workspace\Github\IFPB_2026_2_POO\.metadata\.plugins\org.eclipse.swt\EBWebView\Default
2026-08-28 17:02:46.935: [INFO] MostRecentlyActiveProfile: name=Perfil 1 path=C:\Daniel\Workspace\Github\IFPB_2026_2_POO\.metadata\.plugins\org.eclipse.swt\EBWebView\Default lastActive=2026-08-21T16:32:44.150Z
2026-08-28 17:02:46.935: [INFO] OnDoneLoading sync enabled: 0
2026-08-28 17:02:46.935: [INFO] BookmarkModelLoaded, ids_reassigned: 0
2026-08-28 17:02:46.935: [INFO] BookmarksLoadDropped droppedNodes=0
2026-08-28 17:02:46.935: [INFO] BookmarksSnapshot Startup total=0 bar=0 other=0 mobile=0 showBar=0 showBarNTP=1
2026-08-28 17:03:01.388: [INFO] BookmarksSnapshot Shutdown total=0 bar=0 other=0 mobile=0 showBar=0 showBarNTP=1
2026-08-28 17:10:51.408: [INFO] CurrentProfilePath: C:\Daniel\Workspace\Github\IFPB_2026_2_POO\.metadata\.plugins\org.eclipse.swt\EBWebView\Default
2026-08-28 17:10:51.408: [INFO] Profiles total count: 1
2026-08-28 17:10:51.408: [INFO] Profile: name=Perfil 1 path=C:\Daniel\Workspace\Github\IFPB_2026_2_POO\.metadata\.plugins\org.eclipse.swt\EBWebView\Default lastActive=2026-08-28T17:02:59.197Z
2026-08-28 17:10:51.408: [INFO] LastUsedProfileDir: C:\Daniel\Workspace\Github\IFPB_2026_2_POO\.metadata\.plugins\org.eclipse.swt\EBWebView\Default
2026-08-28 17:10:51.408: [INFO] MostRecentlyActiveProfile: name=Perfil 1 path=C:\Daniel\Workspace\Github\IFPB_2026_2_POO\.metadata\.plugins\org.eclipse.swt\EBWebView\Default lastActive=2026-08-28T17:02:59.197Z
2026-08-28 17:10:51.408: [INFO] OnDoneLoading sync enabled: 0
2026-08-28 17:10:51.408: [INFO] BookmarkModelLoaded, ids_reassigned: 0
2026-08-28 17:10:51.409: [INFO] BookmarksLoadDropped droppedNodes=0
2026-08-28 17:10:51.409: [INFO] BookmarksSnapshot Startup total=0 bar=0 other=0 mobile=0 showBar=0 showBarNTP=1
2026-08-28 17:10:57.528: [INFO] BookmarksSnapshot Shutdown total=0 bar=0 other=0 mobile=0 showBar=0 showBarNTP=1
2026-08-28 17:13:00.300: [INFO] CurrentProfilePath: C:\Daniel\Workspace\Github\IFPB_2026_2_POO\.metadata\.plugins\org.eclipse.swt\EBWebView\Default
2026-08-28 17:13:00.300: [INFO] Profiles total count: 1
2026-08-28 17:13:00.301: [INFO] Profile: name=Perfil 1 path=C:\Daniel\Workspace\Github\IFPB_2026_2_POO\.metadata\.plugins\org.eclipse.swt\EBWebView\Default lastActive=2026-08-28T17:02:59.197Z
2026-08-28 17:13:00.301: [INFO] LastUsedProfileDir: C:\Daniel\Workspace\Github\IFPB_2026_2_POO\.metadata\.plugins\org.eclipse.swt\EBWebView\Default
2026-08-28 17:13:00.301: [INFO] MostRecentlyActiveProfile: name=Perfil 1 path=C:\Daniel\Workspace\Github\IFPB_2026_2_POO\.metadata\.plugins\org.eclipse.swt\EBWebView\Default lastActive=2026-08-28T17:02:59.197Z
2026-08-28 17:13:00.301: [INFO] OnDoneLoading sync enabled: 0
2026-08-28 17:13:00.301: [INFO] BookmarkModelLoaded, ids_reassigned: 0
2026-08-28 17:13:00.301: [INFO] BookmarksLoadDropped droppedNodes=0
2026-08-28 17:13:00.301: [INFO] BookmarksSnapshot Startup total=0 bar=0 other=0 mobile=0 showBar=0 showBarNTP=1
2026-08-28 17:24:24.399: [INFO] BookmarksSnapshot Shutdown total=0 bar=0 other=0 mobile=0 showBar=0 showBarNTP=1
2026-08-28 17:24:44.785: [INFO] CurrentProfilePath: C:\Daniel\Workspace\Github\IFPB_2026_2_POO\.metadata\.plugins\org.eclipse.swt\EBWebView\Default
2026-08-28 17:24:44.785: [INFO] Profiles total count: 1
2026-08-28 17:24:44.786: [INFO] Profile: name=Perfil 1 path=C:\Daniel\Workspace\Github\IFPB_2026_2_POO\.metadata\.plugins\org.eclipse.swt\EBWebView\Default lastActive=2026-08-28T17:02:59.197Z
2026-08-28 17:24:44.786: [INFO] LastUsedProfileDir: C:\Daniel\Workspace\Github\IFPB_2026_2_POO\.metadata\.plugins\org.eclipse.swt\EBWebView\Default
2026-08-28 17:24:44.786: [INFO] MostRecentlyActiveProfile: name=Perfil 1 path=C:\Daniel\Workspace\Github\IFPB_2026_2_POO\.metadata\.plugins\org.eclipse.swt\EBWebView\Default lastActive=2026-08-28T17:02:59.197Z
2026-08-28 17:24:44.786: [INFO] OnDoneLoading sync enabled: 0
2026-08-28 17:24:44.786: [INFO] BookmarkModelLoaded, ids_reassigned: 0
2026-08-28 17:24:44.786: [INFO] BookmarksLoadDropped droppedNodes=0
2026-08-28 17:24:44.786: [INFO] BookmarksSnapshot Startup total=0 bar=0 other=0 mobile=0 showBar=0 showBarNTP=1
2026-08-28 17:59:14.231: [INFO] BookmarksSnapshot Shutdown total=0 bar=0 other=0 mobile=0 showBar=0 showBarNTP=1
2026-09-03 17:17:10.909: [INFO] CurrentProfilePath: C:\Daniel\Workspace\Github\IFPB_2026_2_POO\.metadata\.plugins\org.eclipse.swt\EBWebView\Default
2026-09-03 17:17:10.909: [INFO] Profiles total count: 1
2026-09-03 17:17:10.909: [INFO] Profile: name=Perfil 1 path=C:\Daniel\Workspace\Github\IFPB_2026_2_POO\.metadata\.plugins\org.eclipse.swt\EBWebView\Default lastActive=2026-08-28T17:02:59.197Z
2026-09-03 17:17:10.909: [INFO] LastUsedProfileDir: C:\Daniel\Workspace\Github\IFPB_2026_2_POO\.metadata\.plugins\org.eclipse.swt\EBWebView\Default
2026-09-03 17:17:10.909: [INFO] MostRecentlyActiveProfile: name=Perfil 1 path=C:\Daniel\Workspace\Github\IFPB_2026_2_POO\.metadata\.plugins\org.eclipse.swt\EBWebView\Default lastActive=2026-08-28T17:02:59.197Z
2026-09-03 17:17:10.909: [INFO] OnDoneLoading sync enabled: 0
2026-09-03 17:17:10.909: [INFO] BookmarkModelLoaded, ids_reassigned: 0
2026-09-03 17:17:10.909: [INFO] BookmarksLoadDropped droppedNodes=0
2026-09-03 17:17:10.909: [INFO] BookmarksSnapshot Startup total=0 bar=0 other=0 mobile=0 showBar=0 showBarNTP=1
2026-09-03 17:19:57.672: [INFO] BookmarksSnapshot Shutdown total=0 bar=0 other=0 mobile=0 showBar=0 showBarNTP=1
2026-09-03 17:24:46.017: [INFO] CurrentProfilePath: C:\Daniel\Workspace\Github\IFPB_2026_2_POO\.metadata\.plugins\org.eclipse.swt\EBWebView\Default
2026-09-03 17:24:46.017: [INFO] Profiles total count: 1
2026-09-03 17:24:46.017: [INFO] Profile: name=Perfil 1 path=C:\Daniel\Workspace\Github\IFPB_2026_2_POO\.metadata\.plugins\org.eclipse.swt\EBWebView\Default lastActive=2026-08-28T17:02:59.197Z
2026-09-03 17:24:46.017: [INFO] LastUsedProfileDir: C:\Daniel\Workspace\Github\IFPB_2026_2_POO\.metadata\.plugins\org.eclipse.swt\EBWebView\Default
2026-09-03 17:24:46.017: [INFO] MostRecentlyActiveProfile: name=Perfil 1 path=C:\Daniel\Workspace\Github\IFPB_2026_2_POO\.metadata\.plugins\org.eclipse.swt\EBWebView\Default lastActive=2026-08-28T17:02:59.197Z
2026-09-03 17:24:46.017: [INFO] OnDoneLoading sync enabled: 0
2026-09-03 17:24:46.017: [INFO] BookmarkModelLoaded, ids_reassigned: 0
2026-09-03 17:24:46.017: [INFO] BookmarksLoadDropped droppedNodes=0
2026-09-03 17:24:46.017: [INFO] BookmarksSnapshot Startup total=0 bar=0 other=0 mobile=0 showBar=0 showBarNTP=1
2026-09-03 17:39:02.823: [INFO] BookmarksSnapshot Shutdown total=0 bar=0 other=0 mobile=0 showBar=0 showBarNTP=1
2026-09-03 17:53:30.212: [INFO] CurrentProfilePath: C:\Daniel\Workspace\Github\IFPB_2026_2_POO\.metadata\.plugins\org.eclipse.swt\EBWebView\Default
2026-09-03 17:53:30.212: [INFO] Profiles total count: 1
2026-09-03 17:53:30.212: [INFO] Profile: name=Perfil 1 path=C:\Daniel\Workspace\Github\IFPB_2026_2_POO\.metadata\.plugins\org.eclipse.swt\EBWebView\Default lastActive=2026-08-28T17:02:59.197Z
2026-09-03 17:53:30.212: [INFO] LastUsedProfileDir: C:\Daniel\Workspace\Github\IFPB_2026_2_POO\.metadata\.plugins\org.eclipse.swt\EBWebView\Default
2026-09-03 17:53:30.212: [INFO] MostRecentlyActiveProfile: name=Perfil 1 path=C:\Daniel\Workspace\Github\IFPB_2026_2_POO\.metadata\.plugins\org.eclipse.swt\EBWebView\Default lastActive=2026-08-28T17:02:59.197Z
2026-09-03 17:53:30.212: [INFO] OnDoneLoading sync enabled: 0
2026-09-03 17:53:30.212: [INFO] BookmarkModelLoaded, ids_reassigned: 0
2026-09-03 17:53:30.212: [INFO] BookmarksLoadDropped droppedNodes=0
2026-09-03 17:53:30.212: [INFO] BookmarksSnapshot Startup total=0 bar=0 other=0 mobile=0 showBar=0 showBarNTP=1
2026-09-03 18:00:21.835: [INFO] BookmarksSnapshot Shutdown total=0 bar=0 other=0 mobile=0 showBar=0 showBarNTP=1
2026-09-04 16:44:23.020: [INFO] CurrentProfilePath: C:\Daniel\Workspace\Github\IFPB_2026_2_POO\.metadata\.plugins\org.eclipse.swt\EBWebView\Default
2026-09-04 16:44:23.020: [INFO] Profiles total count: 1
2026-09-04 16:44:23.020: [INFO] Profile: name=Perfil 1 path=C:\Daniel\Workspace\Github\IFPB_2026_2_POO\.metadata\.plugins\org.eclipse.swt\EBWebView\Default lastActive=2026-08-28T17:02:59.197Z
2026-09-04 16:44:23.021: [INFO] LastUsedProfileDir: C:\Daniel\Workspace\Github\IFPB_2026_2_POO\.metadata\.plugins\org.eclipse.swt\EBWebView\Default
2026-09-04 16:44:23.021: [INFO] MostRecentlyActiveProfile: name=Perfil 1 path=C:\Daniel\Workspace\Github\IFPB_2026_2_POO\.metadata\.plugins\org.eclipse.swt\EBWebView\Default lastActive=2026-08-28T17:02:59.197Z
2026-09-04 16:44:23.021: [INFO] OnDoneLoading sync enabled: 0
2026-09-04 16:44:23.021: [INFO] BookmarkModelLoaded, ids_reassigned: 0
2026-09-04 16:44:23.021: [INFO] BookmarksLoadDropped droppedNodes=0
2026-09-04 16:44:23.021: [INFO] BookmarksSnapshot Startup total=0 bar=0 other=0 mobile=0 showBar=0 showBarNTP=1
2026-09-04 16:44:25.001: [INFO] BookmarksSnapshot Shutdown total=0 bar=0 other=0 mobile=0 showBar=0 showBarNTP=1
2026-09-04 16:45:25.133: [INFO] CurrentProfilePath: C:\Daniel\Workspace\Github\IFPB_2026_2_POO\.metadata\.plugins\org.eclipse.swt\EBWebView\Default
2026-09-04 16:45:25.133: [INFO] Profiles total count: 1
2026-09-04 16:45:25.133: [INFO] Profile: name=Perfil 1 path=C:\Daniel\Workspace\Github\IFPB_2026_2_POO\.metadata\.plugins\org.eclipse.swt\EBWebView\Default lastActive=2026-08-28T17:02:59.197Z
2026-09-04 16:45:25.133: [INFO] LastUsedProfileDir: C:\Daniel\Workspace\Github\IFPB_2026_2_POO\.metadata\.plugins\org.eclipse.swt\EBWebView\Default
2026-09-04 16:45:25.133: [INFO] MostRecentlyActiveProfile: name=Perfil 1 path=C:\Daniel\Workspace\Github\IFPB_2026_2_POO\.metadata\.plugins\org.eclipse.swt\EBWebView\Default lastActive=2026-08-28T17:02:59.197Z
2026-09-04 16:45:25.133: [INFO] OnDoneLoading sync enabled: 0
2026-09-04 16:45:25.133: [INFO] BookmarkModelLoaded, ids_reassigned: 0
2026-09-04 16:45:25.133: [INFO] BookmarksLoadDropped droppedNodes=0
2026-09-04 16:45:25.133: [INFO] BookmarksSnapshot Startup total=0 bar=0 other=0 mobile=0 showBar=0 showBarNTP=1
2026-09-04 16:45:29.177: [INFO] BookmarksSnapshot Shutdown total=0 bar=0 other=0 mobile=0 showBar=0 showBarNTP=1
2026-09-04 16:47:29.669: [INFO] CurrentProfilePath: C:\Daniel\Workspace\Github\IFPB_2026_2_POO\.metadata\.plugins\org.eclipse.swt\EBWebView\Default
2026-09-04 16:47:29.669: [INFO] Profiles total count: 1
2026-09-04 16:47:29.669: [INFO] Profile: name=Perfil 1 path=C:\Daniel\Workspace\Github\IFPB_2026_2_POO\.metadata\.plugins\org.eclipse.swt\EBWebView\Default lastActive=2026-08-28T17:02:59.197Z
2026-09-04 16:47:29.669: [INFO] LastUsedProfileDir: C:\Daniel\Workspace\Github\IFPB_2026_2_POO\.metadata\.plugins\org.eclipse.swt\EBWebView\Default
2026-09-04 16:47:29.669: [INFO] MostRecentlyActiveProfile: name=Perfil 1 path=C:\Daniel\Workspace\Github\IFPB_2026_2_POO\.metadata\.plugins\org.eclipse.swt\EBWebView\Default lastActive=2026-08-28T17:02:59.197Z
2026-09-04 16:47:29.669: [INFO] OnDoneLoading sync enabled: 0
2026-09-04 16:47:29.669: [INFO] BookmarkModelLoaded, ids_reassigned: 0
2026-09-04 16:47:29.669: [INFO] BookmarksLoadDropped droppedNodes=0
2026-09-04 16:47:29.669: [INFO] BookmarksSnapshot Startup total=0 bar=0 other=0 mobile=0 showBar=0 showBarNTP=1
2026-09-04 16:48:41.388: [INFO] BookmarksSnapshot Shutdown total=0 bar=0 other=0 mobile=0 showBar=0 showBarNTP=1
2026-09-04 16:56:35.348: [INFO] CurrentProfilePath: C:\Daniel\Workspace\Github\IFPB_2026_2_POO\.metadata\.plugins\org.eclipse.swt\EBWebView\Default
2026-09-04 16:56:35.348: [INFO] Profiles total count: 1
2026-09-04 16:56:35.348: [INFO] Profile: name=Perfil 1 path=C:\Daniel\Workspace\Github\IFPB_2026_2_POO\.metadata\.plugins\org.eclipse.swt\EBWebView\Default lastActive=2026-08-28T17:02:59.197Z
2026-09-04 16:56:35.348: [INFO] LastUsedProfileDir: C:\Daniel\Workspace\Github\IFPB_2026_2_POO\.metadata\.plugins\org.eclipse.swt\EBWebView\Default
2026-09-04 16:56:35.348: [INFO] MostRecentlyActiveProfile: name=Perfil 1 path=C:\Daniel\Workspace\Github\IFPB_2026_2_POO\.metadata\.plugins\org.eclipse.swt\EBWebView\Default lastActive=2026-08-28T17:02:59.197Z
2026-09-04 16:56:35.348: [INFO] OnDoneLoading sync enabled: 0
2026-09-04 16:56:35.348: [INFO] BookmarkModelLoaded, ids_reassigned: 0
2026-09-04 16:56:35.348: [INFO] BookmarksLoadDropped droppedNodes=0
2026-09-04 16:56:35.348: [INFO] BookmarksSnapshot Startup total=0 bar=0 other=0 mobile=0 showBar=0 showBarNTP=1
2026-09-04 17:20:41.022: [INFO] BookmarksSnapshot Shutdown total=0 bar=0 other=0 mobile=0 showBar=0 showBarNTP=1
2026-09-04 17:20:58.830: [INFO] CurrentProfilePath: C:\Daniel\Workspace\Github\IFPB_2026_2_POO\.metadata\.plugins\org.eclipse.swt\EBWebView\Default
2026-09-04 17:20:58.830: [INFO] Profiles total count: 1
2026-09-04 17:20:58.830: [INFO] Profile: name=Perfil 1 path=C:\Daniel\Workspace\Github\IFPB_2026_2_POO\.metadata\.plugins\org.eclipse.swt\EBWebView\Default lastActive=2026-08-28T17:02:59.197Z
2026-09-04 17:20:58.830: [INFO] LastUsedProfileDir: C:\Daniel\Workspace\Github\IFPB_2026_2_POO\.metadata\.plugins\org.eclipse.swt\EBWebView\Default
2026-09-04 17:20:58.830: [INFO] MostRecentlyActiveProfile: name=Perfil 1 path=C:\Daniel\Workspace\Github\IFPB_2026_2_POO\.metadata\.plugins\org.eclipse.swt\EBWebView\Default lastActive=2026-08-28T17:02:59.197Z
2026-09-04 17:20:58.830: [INFO] OnDoneLoading sync enabled: 0
2026-09-04 17:20:58.830: [INFO] BookmarkModelLoaded, ids_reassigned: 0
2026-09-04 17:20:58.830: [INFO] BookmarksLoadDropped droppedNodes=0
2026-09-04 17:20:58.830: [INFO] BookmarksSnapshot Startup total=0 bar=0 other=0 mobile=0 showBar=0 showBarNTP=1
2026-09-04 17:32:53.572: [INFO] BookmarksSnapshot Shutdown total=0 bar=0 other=0 mobile=0 showBar=0 showBarNTP=1
2026-09-10 17:05:14.679: [INFO] CurrentProfilePath: C:\Daniel\Workspace\Github\IFPB_2026_2_POO\.metadata\.plugins\org.eclipse.swt\EBWebView\Default
2026-09-10 17:05:14.679: [INFO] Profiles total count: 1
2026-09-10 17:05:14.679: [INFO] Profile: name=Perfil 1 path=C:\Daniel\Workspace\Github\IFPB_2026_2_POO\.metadata\.plugins\org.eclipse.swt\EBWebView\Default lastActive=2026-08-28T17:02:59.197Z
2026-09-10 17:05:14.679: [INFO] LastUsedProfileDir: C:\Daniel\Workspace\Github\IFPB_2026_2_POO\.metadata\.plugins\org.eclipse.swt\EBWebView\Default
2026-09-10 17:05:14.679: [INFO] MostRecentlyActiveProfile: name=Perfil 1 path=C:\Daniel\Workspace\Github\IFPB_2026_2_POO\.metadata\.plugins\org.eclipse.swt\EBWebView\Default lastActive=2026-08-28T17:02:59.197Z
2026-09-10 17:05:14.679: [INFO] OnDoneLoading sync enabled: 0
2026-09-10 17:05:14.679: [INFO] BookmarkModelLoaded, ids_reassigned: 0
2026-09-10 17:05:14.679: [INFO] BookmarksLoadDropped droppedNodes=0
2026-09-10 17:05:14.679: [INFO] BookmarksSnapshot Startup total=0 bar=0 other=0 mobile=0 showBar=0 showBarNTP=1
2026-09-10 17:22:01.945: [INFO] BookmarksSnapshot Shutdown total=0 bar=0 other=0 mobile=0 showBar=0 showBarNTP=1
